<html>
<body>
<pre>
<h1>µVision Build Log</h1>
<h2>Project:</h2>
E:\v23be9s8\Dash Board Implementation Using CAN Protocol\Node A\Node_A.uvproj
Project File Date:  09/05/2024

<h2>Output:</h2>
Build target 'Target 1'
assembling Startup.s...
compiling Node_A_main.c...
compiling ADC_Driver.c...
compiling Can_Driver.c...
compiling Interrupt.c...
compiling Timer.c...
compiling UART0_Driver.c...
UART0_Driver.c(47): warning:  #186-D: pointless comparison of unsigned integer with zero
UART0_Driver.c(55): warning:  #174-D: expression has no effect
linking...
Program Size: Code=2020 RO-data=52 RW-data=12 ZI-data=1260  
FromELF: creating hex file...
"Node_A.axf" - 0 Error(s), 2 Warning(s).
